// Jest Snapshot v1, https://goo.gl/fbAQLP

exports[`App Component should test snapshot renders 1`] = `
<div
  className="root-container"
>
  <Switch>
    <Route
      component={
        Object {
          "$$typeof": Symbol(react.memo),
          "WrappedComponent": [Function],
          "compare": null,
          "displayName": "Connect(Result)",
          "type": [Function],
        }
      }
      exact={true}
      path="/result"
    />
    <Route
      component={
        Object {
          "$$typeof": Symbol(react.memo),
          "WrappedComponent": [Function],
          "compare": null,
          "displayName": "Connect(Home)",
          "type": [Function],
        }
      }
      exact={true}
      path="/"
    />
    <Route
      component={[Function]}
    />
  </Switch>
</div>
`;
