// Jest Snapshot v1, https://goo.gl/fbAQLP

exports[`Board Component should test snapshot renders 1`] = `
<div
  className="board test-class"
>
  <div
    className="board-row"
    key="0"
  >
    <Tile
      key="0"
      letter="a"
      onClick={[Function]}
    />
    <Tile
      key="1"
      letter="b"
      onClick={[Function]}
    />
    <Tile
      key="2"
      letter="c"
      onClick={[Function]}
    />
    <Tile
      key="3"
      letter="d"
      onClick={[Function]}
    />
  </div>
  <div
    className="board-row"
    key="1"
  >
    <Tile
      key="0"
      letter="e"
      onClick={[Function]}
    />
    <Tile
      key="1"
      letter="f"
      onClick={[Function]}
    />
    <Tile
      key="2"
      letter="g"
      onClick={[Function]}
    />
    <Tile
      key="3"
      letter="h"
      onClick={[Function]}
    />
  </div>
  <div
    className="board-row"
    key="2"
  >
    <Tile
      key="0"
      letter="i"
      onClick={[Function]}
    />
    <Tile
      key="1"
      letter="j"
      onClick={[Function]}
    />
    <Tile
      key="2"
      letter="k"
      onClick={[Function]}
    />
    <Tile
      key="3"
      letter="l"
      onClick={[Function]}
    />
  </div>
  <div
    className="board-row"
    key="3"
  >
    <Tile
      key="0"
      letter="m"
      onClick={[Function]}
    />
    <Tile
      key="1"
      letter="n"
      onClick={[Function]}
    />
    <Tile
      key="2"
      letter="o"
      onClick={[Function]}
    />
    <Tile
      key="3"
      letter="p"
      onClick={[Function]}
    />
  </div>
</div>
`;
